Archive member included because of file (symbol)

/Users/kevintu/pebble-dev/PebbleSDK-2.2/Pebble/lib/libpebble.a(tmpZR3mVYpebble.o)
                              src/ddr.c.8.o (app_event_loop)

Allocating common symbols
Common symbol       size              file

c                   0x8               src/ddr.c.8.o
status              0x14              src/ddr.c.8.o

Discarded input sections

 .text          0x0000000000000000        0x0 /Users/kevintu/pebble-dev/PebbleSDK-2.2/arm-cs-tools/bin/../lib/gcc/arm-none-eabi/4.7.2/thumb2/crti.o
 .bss           0x0000000000000000        0x0 /Users/kevintu/pebble-dev/PebbleSDK-2.2/arm-cs-tools/bin/../lib/gcc/arm-none-eabi/4.7.2/thumb2/crti.o
 .init          0x0000000000000000        0x4 /Users/kevintu/pebble-dev/PebbleSDK-2.2/arm-cs-tools/bin/../lib/gcc/arm-none-eabi/4.7.2/thumb2/crti.o
 .fini          0x0000000000000000        0x4 /Users/kevintu/pebble-dev/PebbleSDK-2.2/arm-cs-tools/bin/../lib/gcc/arm-none-eabi/4.7.2/thumb2/crti.o
 .text          0x0000000000000000       0xc8 /Users/kevintu/pebble-dev/PebbleSDK-2.2/arm-cs-tools/bin/../lib/gcc/arm-none-eabi/4.7.2/thumb2/crtbegin.o
 .bss           0x0000000000000000       0x1c /Users/kevintu/pebble-dev/PebbleSDK-2.2/arm-cs-tools/bin/../lib/gcc/arm-none-eabi/4.7.2/thumb2/crtbegin.o
 .init_array    0x0000000000000000        0x4 /Users/kevintu/pebble-dev/PebbleSDK-2.2/arm-cs-tools/bin/../lib/gcc/arm-none-eabi/4.7.2/thumb2/crtbegin.o
 .fini_array    0x0000000000000000        0x4 /Users/kevintu/pebble-dev/PebbleSDK-2.2/arm-cs-tools/bin/../lib/gcc/arm-none-eabi/4.7.2/thumb2/crtbegin.o
 .eh_frame      0x0000000000000000        0x0 /Users/kevintu/pebble-dev/PebbleSDK-2.2/arm-cs-tools/bin/../lib/gcc/arm-none-eabi/4.7.2/thumb2/crtbegin.o
 .jcr           0x0000000000000000        0x0 /Users/kevintu/pebble-dev/PebbleSDK-2.2/arm-cs-tools/bin/../lib/gcc/arm-none-eabi/4.7.2/thumb2/crtbegin.o
 .tm_clone_table
                0x0000000000000000        0x0 /Users/kevintu/pebble-dev/PebbleSDK-2.2/arm-cs-tools/bin/../lib/gcc/arm-none-eabi/4.7.2/thumb2/crtbegin.o
 .text          0x0000000000000000        0x0 src/ddr.c.8.o
 .bss           0x0000000000000000        0x0 src/ddr.c.8.o
 .text          0x0000000000000000        0x0 appinfo.auto.c.8.o
 .bss           0x0000000000000000        0x0 appinfo.auto.c.8.o
 .bss           0x0000000000000000        0x0 /Users/kevintu/pebble-dev/PebbleSDK-2.2/Pebble/lib/libpebble.a(tmpZR3mVYpebble.o)
 .text.accel_data_service_subscribe__deprecated
                0x0000000000000000        0xc /Users/kevintu/pebble-dev/PebbleSDK-2.2/Pebble/lib/libpebble.a(tmpZR3mVYpebble.o)
 .text.accel_data_service_unsubscribe
                0x0000000000000000        0xc /Users/kevintu/pebble-dev/PebbleSDK-2.2/Pebble/lib/libpebble.a(tmpZR3mVYpebble.o)
 .text.accel_service_peek
                0x0000000000000000        0xc /Users/kevintu/pebble-dev/PebbleSDK-2.2/Pebble/lib/libpebble.a(tmpZR3mVYpebble.o)
 .text.accel_service_set_samples_per_update
                0x0000000000000000        0xc /Users/kevintu/pebble-dev/PebbleSDK-2.2/Pebble/lib/libpebble.a(tmpZR3mVYpebble.o)
 .text.accel_service_set_sampling_rate
                0x0000000000000000        0xc /Users/kevintu/pebble-dev/PebbleSDK-2.2/Pebble/lib/libpebble.a(tmpZR3mVYpebble.o)
 .text.accel_tap_service_subscribe
                0x0000000000000000        0xc /Users/kevintu/pebble-dev/PebbleSDK-2.2/Pebble/lib/libpebble.a(tmpZR3mVYpebble.o)
 .text.accel_tap_service_unsubscribe
                0x0000000000000000        0xc /Users/kevintu/pebble-dev/PebbleSDK-2.2/Pebble/lib/libpebble.a(tmpZR3mVYpebble.o)
 .text.action_bar_layer_add_to_window
                0x0000000000000000        0xc /Users/kevintu/pebble-dev/PebbleSDK-2.2/Pebble/lib/libpebble.a(tmpZR3mVYpebble.o)
 .text.action_bar_layer_clear_icon
                0x0000000000000000        0xc /Users/kevintu/pebble-dev/PebbleSDK-2.2/Pebble/lib/libpebble.a(tmpZR3mVYpebble.o)
 .text.action_bar_layer_create
                0x0000000000000000        0xc /Users/kevintu/pebble-dev/PebbleSDK-2.2/Pebble/lib/libpebble.a(tmpZR3mVYpebble.o)
 .text.action_bar_layer_destroy
                0x0000000000000000        0xc /Users/kevintu/pebble-dev/PebbleSDK-2.2/Pebble/lib/libpebble.a(tmpZR3mVYpebble.o)
 .text.action_bar_layer_get_layer
                0x0000000000000000        0xc /Users/kevintu/pebble-dev/PebbleSDK-2.2/Pebble/lib/libpebble.a(tmpZR3mVYpebble.o)
 .text.action_bar_layer_remove_from_window
                0x0000000000000000        0xc /Users/kevintu/pebble-dev/PebbleSDK-2.2/Pebble/lib/libpebble.a(tmpZR3mVYpebble.o)
 .text.action_bar_layer_set_background_color
                0x0000000000000000        0xc /Users/kevintu/pebble-dev/PebbleSDK-2.2/Pebble/lib/libpebble.a(tmpZR3mVYpebble.o)
 .text.action_bar_layer_set_click_config_provider
                0x0000000000000000        0xc /Users/kevintu/pebble-dev/PebbleSDK-2.2/Pebble/lib/libpebble.a(tmpZR3mVYpebble.o)
 .text.action_bar_layer_set_context
                0x0000000000000000        0xc /Users/kevintu/pebble-dev/PebbleSDK-2.2/Pebble/lib/libpebble.a(tmpZR3mVYpebble.o)
 .text.action_bar_layer_set_icon
                0x0000000000000000        0xc /Users/kevintu/pebble-dev/PebbleSDK-2.2/Pebble/lib/libpebble.a(tmpZR3mVYpebble.o)
 .text.animation_create
                0x0000000000000000        0xc /Users/kevintu/pebble-dev/PebbleSDK-2.2/Pebble/lib/libpebble.a(tmpZR3mVYpebble.o)
 .text.animation_destroy
                0x0000000000000000        0xc /Users/kevintu/pebble-dev/PebbleSDK-2.2/Pebble/lib/libpebble.a(tmpZR3mVYpebble.o)
 .text.animation_get_context
                0x0000000000000000        0xc /Users/kevintu/pebble-dev/PebbleSDK-2.2/Pebble/lib/libpebble.a(tmpZR3mVYpebble.o)
 .text.animation_is_scheduled
                0x0000000000000000        0xc /Users/kevintu/pebble-dev/PebbleSDK-2.2/Pebble/lib/libpebble.a(tmpZR3mVYpebble.o)
 .text.animation_schedule
                0x0000000000000000        0xc /Users/kevintu/pebble-dev/PebbleSDK-2.2/Pebble/lib/libpebble.a(tmpZR3mVYpebble.o)
 .text.animation_set_curve
                0x0000000000000000        0xc /Users/kevintu/pebble-dev/PebbleSDK-2.2/Pebble/lib/libpebble.a(tmpZR3mVYpebble.o)
 .text.animation_set_delay
                0x0000000000000000        0xc /Users/kevintu/pebble-dev/PebbleSDK-2.2/Pebble/lib/libpebble.a(tmpZR3mVYpebble.o)
 .text.animation_set_duration
                0x0000000000000000        0xc /Users/kevintu/pebble-dev/PebbleSDK-2.2/Pebble/lib/libpebble.a(tmpZR3mVYpebble.o)
 .text.animation_set_handlers
                0x0000000000000000        0xc /Users/kevintu/pebble-dev/PebbleSDK-2.2/Pebble/lib/libpebble.a(tmpZR3mVYpebble.o)
 .text.animation_set_implementation
                0x0000000000000000        0xc /Users/kevintu/pebble-dev/PebbleSDK-2.2/Pebble/lib/libpebble.a(tmpZR3mVYpebble.o)
 .text.animation_unschedule
                0x0000000000000000        0xc /Users/kevintu/pebble-dev/PebbleSDK-2.2/Pebble/lib/libpebble.a(tmpZR3mVYpebble.o)
 .text.animation_unschedule_all
                0x0000000000000000        0xc /Users/kevintu/pebble-dev/PebbleSDK-2.2/Pebble/lib/libpebble.a(tmpZR3mVYpebble.o)
 .text.app_comm_get_sniff_interval
                0x0000000000000000        0xc /Users/kevintu/pebble-dev/PebbleSDK-2.2/Pebble/lib/libpebble.a(tmpZR3mVYpebble.o)
 .text.app_comm_set_sniff_interval
                0x0000000000000000        0xc /Users/kevintu/pebble-dev/PebbleSDK-2.2/Pebble/lib/libpebble.a(tmpZR3mVYpebble.o)
 .text.app_log  0x0000000000000000        0xc /Users/kevintu/pebble-dev/PebbleSDK-2.2/Pebble/lib/libpebble.a(tmpZR3mVYpebble.o)
 .text.app_message_deregister_callbacks
                0x0000000000000000        0xc /Users/kevintu/pebble-dev/PebbleSDK-2.2/Pebble/lib/libpebble.a(tmpZR3mVYpebble.o)
 .text.app_message_open
                0x0000000000000000        0xc /Users/kevintu/pebble-dev/PebbleSDK-2.2/Pebble/lib/libpebble.a(tmpZR3mVYpebble.o)
 .text.app_sync_deinit
                0x0000000000000000        0xc /Users/kevintu/pebble-dev/PebbleSDK-2.2/Pebble/lib/libpebble.a(tmpZR3mVYpebble.o)
 .text.app_sync_get
                0x0000000000000000        0xc /Users/kevintu/pebble-dev/PebbleSDK-2.2/Pebble/lib/libpebble.a(tmpZR3mVYpebble.o)
 .text.app_sync_init
                0x0000000000000000        0xc /Users/kevintu/pebble-dev/PebbleSDK-2.2/Pebble/lib/libpebble.a(tmpZR3mVYpebble.o)
 .text.app_sync_set
                0x0000000000000000        0xc /Users/kevintu/pebble-dev/PebbleSDK-2.2/Pebble/lib/libpebble.a(tmpZR3mVYpebble.o)
 .text.app_timer_reschedule
                0x0000000000000000        0xc /Users/kevintu/pebble-dev/PebbleSDK-2.2/Pebble/lib/libpebble.a(tmpZR3mVYpebble.o)
 .text.atan2_lookup
                0x0000000000000000        0xc /Users/kevintu/pebble-dev/PebbleSDK-2.2/Pebble/lib/libpebble.a(tmpZR3mVYpebble.o)
 .text.atoi     0x0000000000000000        0xc /Users/kevintu/pebble-dev/PebbleSDK-2.2/Pebble/lib/libpebble.a(tmpZR3mVYpebble.o)
 .text.atol     0x0000000000000000        0xc /Users/kevintu/pebble-dev/PebbleSDK-2.2/Pebble/lib/libpebble.a(tmpZR3mVYpebble.o)
 .text.battery_state_service_peek
                0x0000000000000000        0xc /Users/kevintu/pebble-dev/PebbleSDK-2.2/Pebble/lib/libpebble.a(tmpZR3mVYpebble.o)
 .text.battery_state_service_subscribe
                0x0000000000000000        0xc /Users/kevintu/pebble-dev/PebbleSDK-2.2/Pebble/lib/libpebble.a(tmpZR3mVYpebble.o)
 .text.battery_state_service_unsubscribe
                0x0000000000000000        0xc /Users/kevintu/pebble-dev/PebbleSDK-2.2/Pebble/lib/libpebble.a(tmpZR3mVYpebble.o)
 .text.bitmap_layer_set_background_color
                0x0000000000000000        0xc /Users/kevintu/pebble-dev/PebbleSDK-2.2/Pebble/lib/libpebble.a(tmpZR3mVYpebble.o)
 .text.bitmap_layer_set_compositing_mode
                0x0000000000000000        0xc /Users/kevintu/pebble-dev/PebbleSDK-2.2/Pebble/lib/libpebble.a(tmpZR3mVYpebble.o)
 .text.bluetooth_connection_service_peek
                0x0000000000000000        0xc /Users/kevintu/pebble-dev/PebbleSDK-2.2/Pebble/lib/libpebble.a(tmpZR3mVYpebble.o)
 .text.bluetooth_connection_service_subscribe
                0x0000000000000000        0xc /Users/kevintu/pebble-dev/PebbleSDK-2.2/Pebble/lib/libpebble.a(tmpZR3mVYpebble.o)
 .text.bluetooth_connection_service_unsubscribe
                0x0000000000000000        0xc /Users/kevintu/pebble-dev/PebbleSDK-2.2/Pebble/lib/libpebble.a(tmpZR3mVYpebble.o)
 .text.click_number_of_clicks_counted
                0x0000000000000000        0xc /Users/kevintu/pebble-dev/PebbleSDK-2.2/Pebble/lib/libpebble.a(tmpZR3mVYpebble.o)
 .text.click_recognizer_get_button_id
                0x0000000000000000        0xc /Users/kevintu/pebble-dev/PebbleSDK-2.2/Pebble/lib/libpebble.a(tmpZR3mVYpebble.o)
 .text.clock_copy_time_string
                0x0000000000000000        0xc /Users/kevintu/pebble-dev/PebbleSDK-2.2/Pebble/lib/libpebble.a(tmpZR3mVYpebble.o)
 .text.clock_is_24h_style
                0x0000000000000000        0xc /Users/kevintu/pebble-dev/PebbleSDK-2.2/Pebble/lib/libpebble.a(tmpZR3mVYpebble.o)
 .text.cos_lookup
                0x0000000000000000        0xc /Users/kevintu/pebble-dev/PebbleSDK-2.2/Pebble/lib/libpebble.a(tmpZR3mVYpebble.o)
 .text.data_logging_create
                0x0000000000000000        0xc /Users/kevintu/pebble-dev/PebbleSDK-2.2/Pebble/lib/libpebble.a(tmpZR3mVYpebble.o)
 .text.data_logging_finish
                0x0000000000000000        0xc /Users/kevintu/pebble-dev/PebbleSDK-2.2/Pebble/lib/libpebble.a(tmpZR3mVYpebble.o)
 .text.data_logging_log
                0x0000000000000000        0xc /Users/kevintu/pebble-dev/PebbleSDK-2.2/Pebble/lib/libpebble.a(tmpZR3mVYpebble.o)
 .text.dict_calc_buffer_size
                0x0000000000000000        0xc /Users/kevintu/pebble-dev/PebbleSDK-2.2/Pebble/lib/libpebble.a(tmpZR3mVYpebble.o)
 .text.dict_calc_buffer_size_from_tuplets
                0x0000000000000000        0xc /Users/kevintu/pebble-dev/PebbleSDK-2.2/Pebble/lib/libpebble.a(tmpZR3mVYpebble.o)
 .text.dict_find
                0x0000000000000000        0xc /Users/kevintu/pebble-dev/PebbleSDK-2.2/Pebble/lib/libpebble.a(tmpZR3mVYpebble.o)
 .text.dict_merge
                0x0000000000000000        0xc /Users/kevintu/pebble-dev/PebbleSDK-2.2/Pebble/lib/libpebble.a(tmpZR3mVYpebble.o)
 .text.dict_read_begin_from_buffer
                0x0000000000000000        0xc /Users/kevintu/pebble-dev/PebbleSDK-2.2/Pebble/lib/libpebble.a(tmpZR3mVYpebble.o)
 .text.dict_read_first
                0x0000000000000000        0xc /Users/kevintu/pebble-dev/PebbleSDK-2.2/Pebble/lib/libpebble.a(tmpZR3mVYpebble.o)
 .text.dict_read_next
                0x0000000000000000        0xc /Users/kevintu/pebble-dev/PebbleSDK-2.2/Pebble/lib/libpebble.a(tmpZR3mVYpebble.o)
 .text.dict_serialize_tuplets
                0x0000000000000000        0xc /Users/kevintu/pebble-dev/PebbleSDK-2.2/Pebble/lib/libpebble.a(tmpZR3mVYpebble.o)
 .text.dict_serialize_tuplets_to_buffer__deprecated
                0x0000000000000000        0xc /Users/kevintu/pebble-dev/PebbleSDK-2.2/Pebble/lib/libpebble.a(tmpZR3mVYpebble.o)
 .text.dict_serialize_tuplets_to_buffer_with_iter
                0x0000000000000000        0xc /Users/kevintu/pebble-dev/PebbleSDK-2.2/Pebble/lib/libpebble.a(tmpZR3mVYpebble.o)
 .text.dict_write_begin
                0x0000000000000000        0xc /Users/kevintu/pebble-dev/PebbleSDK-2.2/Pebble/lib/libpebble.a(tmpZR3mVYpebble.o)
 .text.dict_write_cstring
                0x0000000000000000        0xc /Users/kevintu/pebble-dev/PebbleSDK-2.2/Pebble/lib/libpebble.a(tmpZR3mVYpebble.o)
 .text.dict_write_data
                0x0000000000000000        0xc /Users/kevintu/pebble-dev/PebbleSDK-2.2/Pebble/lib/libpebble.a(tmpZR3mVYpebble.o)
 .text.dict_write_end
                0x0000000000000000        0xc /Users/kevintu/pebble-dev/PebbleSDK-2.2/Pebble/lib/libpebble.a(tmpZR3mVYpebble.o)
 .text.dict_write_int
                0x0000000000000000        0xc /Users/kevintu/pebble-dev/PebbleSDK-2.2/Pebble/lib/libpebble.a(tmpZR3mVYpebble.o)
 .text.dict_write_int16
                0x0000000000000000        0xc /Users/kevintu/pebble-dev/PebbleSDK-2.2/Pebble/lib/libpebble.a(tmpZR3mVYpebble.o)
 .text.dict_write_int32
                0x0000000000000000        0xc /Users/kevintu/pebble-dev/PebbleSDK-2.2/Pebble/lib/libpebble.a(tmpZR3mVYpebble.o)
 .text.dict_write_int8
                0x0000000000000000        0xc /Users/kevintu/pebble-dev/PebbleSDK-2.2/Pebble/lib/libpebble.a(tmpZR3mVYpebble.o)
 .text.dict_write_tuplet
                0x0000000000000000        0xc /Users/kevintu/pebble-dev/PebbleSDK-2.2/Pebble/lib/libpebble.a(tmpZR3mVYpebble.o)
 .text.dict_write_uint16
                0x0000000000000000        0xc /Users/kevintu/pebble-dev/PebbleSDK-2.2/Pebble/lib/libpebble.a(tmpZR3mVYpebble.o)
 .text.dict_write_uint32
                0x0000000000000000        0xc /Users/kevintu/pebble-dev/PebbleSDK-2.2/Pebble/lib/libpebble.a(tmpZR3mVYpebble.o)
 .text.dict_write_uint8
                0x0000000000000000        0xc /Users/kevintu/pebble-dev/PebbleSDK-2.2/Pebble/lib/libpebble.a(tmpZR3mVYpebble.o)
 .text.fonts_load_custom_font
                0x0000000000000000        0xc /Users/kevintu/pebble-dev/PebbleSDK-2.2/Pebble/lib/libpebble.a(tmpZR3mVYpebble.o)
 .text.fonts_unload_custom_font
                0x0000000000000000        0xc /Users/kevintu/pebble-dev/PebbleSDK-2.2/Pebble/lib/libpebble.a(tmpZR3mVYpebble.o)
 .text.free     0x0000000000000000        0xc /Users/kevintu/pebble-dev/PebbleSDK-2.2/Pebble/lib/libpebble.a(tmpZR3mVYpebble.o)
 .text.gbitmap_create_as_sub_bitmap
                0x0000000000000000        0xc /Users/kevintu/pebble-dev/PebbleSDK-2.2/Pebble/lib/libpebble.a(tmpZR3mVYpebble.o)
 .text.gbitmap_create_with_data
                0x0000000000000000        0xc /Users/kevintu/pebble-dev/PebbleSDK-2.2/Pebble/lib/libpebble.a(tmpZR3mVYpebble.o)
 .text.gmtime   0x0000000000000000        0xc /Users/kevintu/pebble-dev/PebbleSDK-2.2/Pebble/lib/libpebble.a(tmpZR3mVYpebble.o)
 .text.gpath_rotate_to
                0x0000000000000000        0xc /Users/kevintu/pebble-dev/PebbleSDK-2.2/Pebble/lib/libpebble.a(tmpZR3mVYpebble.o)
 .text.gpoint_equal
                0x0000000000000000        0xc /Users/kevintu/pebble-dev/PebbleSDK-2.2/Pebble/lib/libpebble.a(tmpZR3mVYpebble.o)
 .text.graphics_context_set_compositing_mode
                0x0000000000000000        0xc /Users/kevintu/pebble-dev/PebbleSDK-2.2/Pebble/lib/libpebble.a(tmpZR3mVYpebble.o)
 .text.graphics_draw_bitmap_in_rect
                0x0000000000000000        0xc /Users/kevintu/pebble-dev/PebbleSDK-2.2/Pebble/lib/libpebble.a(tmpZR3mVYpebble.o)
 .text.graphics_draw_circle
                0x0000000000000000        0xc /Users/kevintu/pebble-dev/PebbleSDK-2.2/Pebble/lib/libpebble.a(tmpZR3mVYpebble.o)
 .text.graphics_draw_line
                0x0000000000000000        0xc /Users/kevintu/pebble-dev/PebbleSDK-2.2/Pebble/lib/libpebble.a(tmpZR3mVYpebble.o)
 .text.graphics_draw_pixel
                0x0000000000000000        0xc /Users/kevintu/pebble-dev/PebbleSDK-2.2/Pebble/lib/libpebble.a(tmpZR3mVYpebble.o)
 .text.graphics_draw_rect
                0x0000000000000000        0xc /Users/kevintu/pebble-dev/PebbleSDK-2.2/Pebble/lib/libpebble.a(tmpZR3mVYpebble.o)
 .text.graphics_draw_round_rect
                0x0000000000000000        0xc /Users/kevintu/pebble-dev/PebbleSDK-2.2/Pebble/lib/libpebble.a(tmpZR3mVYpebble.o)
 .text.graphics_fill_circle
                0x0000000000000000        0xc /Users/kevintu/pebble-dev/PebbleSDK-2.2/Pebble/lib/libpebble.a(tmpZR3mVYpebble.o)
 .text.graphics_fill_rect
                0x0000000000000000        0xc /Users/kevintu/pebble-dev/PebbleSDK-2.2/Pebble/lib/libpebble.a(tmpZR3mVYpebble.o)
 .text.graphics_text_layout_get_max_used_size
                0x0000000000000000        0xc /Users/kevintu/pebble-dev/PebbleSDK-2.2/Pebble/lib/libpebble.a(tmpZR3mVYpebble.o)
 .text.grect_align
                0x0000000000000000        0xc /Users/kevintu/pebble-dev/PebbleSDK-2.2/Pebble/lib/libpebble.a(tmpZR3mVYpebble.o)
 .text.grect_center_point
                0x0000000000000000        0xc /Users/kevintu/pebble-dev/PebbleSDK-2.2/Pebble/lib/libpebble.a(tmpZR3mVYpebble.o)
 .text.grect_clip
                0x0000000000000000        0xc /Users/kevintu/pebble-dev/PebbleSDK-2.2/Pebble/lib/libpebble.a(tmpZR3mVYpebble.o)
 .text.grect_contains_point
                0x0000000000000000        0xc /Users/kevintu/pebble-dev/PebbleSDK-2.2/Pebble/lib/libpebble.a(tmpZR3mVYpebble.o)
 .text.grect_crop
                0x0000000000000000        0xc /Users/kevintu/pebble-dev/PebbleSDK-2.2/Pebble/lib/libpebble.a(tmpZR3mVYpebble.o)
 .text.grect_equal
                0x0000000000000000        0xc /Users/kevintu/pebble-dev/PebbleSDK-2.2/Pebble/lib/libpebble.a(tmpZR3mVYpebble.o)
 .text.grect_is_empty
                0x0000000000000000        0xc /Users/kevintu/pebble-dev/PebbleSDK-2.2/Pebble/lib/libpebble.a(tmpZR3mVYpebble.o)
 .text.grect_standardize
                0x0000000000000000        0xc /Users/kevintu/pebble-dev/PebbleSDK-2.2/Pebble/lib/libpebble.a(tmpZR3mVYpebble.o)
 .text.gsize_equal
                0x0000000000000000        0xc /Users/kevintu/pebble-dev/PebbleSDK-2.2/Pebble/lib/libpebble.a(tmpZR3mVYpebble.o)
 .text.inverter_layer_create
                0x0000000000000000        0xc /Users/kevintu/pebble-dev/PebbleSDK-2.2/Pebble/lib/libpebble.a(tmpZR3mVYpebble.o)
 .text.inverter_layer_destroy
                0x0000000000000000        0xc /Users/kevintu/pebble-dev/PebbleSDK-2.2/Pebble/lib/libpebble.a(tmpZR3mVYpebble.o)
 .text.inverter_layer_get_layer
                0x0000000000000000        0xc /Users/kevintu/pebble-dev/PebbleSDK-2.2/Pebble/lib/libpebble.a(tmpZR3mVYpebble.o)
 .text.layer_create_with_data
                0x0000000000000000        0xc /Users/kevintu/pebble-dev/PebbleSDK-2.2/Pebble/lib/libpebble.a(tmpZR3mVYpebble.o)
 .text.layer_get_bounds
                0x0000000000000000        0xc /Users/kevintu/pebble-dev/PebbleSDK-2.2/Pebble/lib/libpebble.a(tmpZR3mVYpebble.o)
 .text.layer_get_clips
                0x0000000000000000        0xc /Users/kevintu/pebble-dev/PebbleSDK-2.2/Pebble/lib/libpebble.a(tmpZR3mVYpebble.o)
 .text.layer_get_data
                0x0000000000000000        0xc /Users/kevintu/pebble-dev/PebbleSDK-2.2/Pebble/lib/libpebble.a(tmpZR3mVYpebble.o)
 .text.layer_get_hidden
                0x0000000000000000        0xc /Users/kevintu/pebble-dev/PebbleSDK-2.2/Pebble/lib/libpebble.a(tmpZR3mVYpebble.o)
 .text.layer_get_window
                0x0000000000000000        0xc /Users/kevintu/pebble-dev/PebbleSDK-2.2/Pebble/lib/libpebble.a(tmpZR3mVYpebble.o)
 .text.layer_insert_above_sibling
                0x0000000000000000        0xc /Users/kevintu/pebble-dev/PebbleSDK-2.2/Pebble/lib/libpebble.a(tmpZR3mVYpebble.o)
 .text.layer_insert_below_sibling
                0x0000000000000000        0xc /Users/kevintu/pebble-dev/PebbleSDK-2.2/Pebble/lib/libpebble.a(tmpZR3mVYpebble.o)
 .text.layer_remove_child_layers
                0x0000000000000000        0xc /Users/kevintu/pebble-dev/PebbleSDK-2.2/Pebble/lib/libpebble.a(tmpZR3mVYpebble.o)
 .text.layer_remove_from_parent
                0x0000000000000000        0xc /Users/kevintu/pebble-dev/PebbleSDK-2.2/Pebble/lib/libpebble.a(tmpZR3mVYpebble.o)
 .text.layer_set_bounds
                0x0000000000000000        0xc /Users/kevintu/pebble-dev/PebbleSDK-2.2/Pebble/lib/libpebble.a(tmpZR3mVYpebble.o)
 .text.layer_set_clips
                0x0000000000000000        0xc /Users/kevintu/pebble-dev/PebbleSDK-2.2/Pebble/lib/libpebble.a(tmpZR3mVYpebble.o)
 .text.layer_set_frame
                0x0000000000000000        0xc /Users/kevintu/pebble-dev/PebbleSDK-2.2/Pebble/lib/libpebble.a(tmpZR3mVYpebble.o)
 .text.layer_set_hidden
                0x0000000000000000        0xc /Users/kevintu/pebble-dev/PebbleSDK-2.2/Pebble/lib/libpebble.a(tmpZR3mVYpebble.o)
 .text.light_enable_interaction
                0x0000000000000000        0xc /Users/kevintu/pebble-dev/PebbleSDK-2.2/Pebble/lib/libpebble.a(tmpZR3mVYpebble.o)
 .text.localtime
                0x0000000000000000        0xc /Users/kevintu/pebble-dev/PebbleSDK-2.2/Pebble/lib/libpebble.a(tmpZR3mVYpebble.o)
 .text.malloc   0x0000000000000000        0xc /Users/kevintu/pebble-dev/PebbleSDK-2.2/Pebble/lib/libpebble.a(tmpZR3mVYpebble.o)
 .text.memcpy   0x0000000000000000        0xc /Users/kevintu/pebble-dev/PebbleSDK-2.2/Pebble/lib/libpebble.a(tmpZR3mVYpebble.o)
 .text.memmove  0x0000000000000000        0xc /Users/kevintu/pebble-dev/PebbleSDK-2.2/Pebble/lib/libpebble.a(tmpZR3mVYpebble.o)
 .text.menu_cell_basic_draw
                0x0000000000000000        0xc /Users/kevintu/pebble-dev/PebbleSDK-2.2/Pebble/lib/libpebble.a(tmpZR3mVYpebble.o)
 .text.menu_cell_basic_header_draw
                0x0000000000000000        0xc /Users/kevintu/pebble-dev/PebbleSDK-2.2/Pebble/lib/libpebble.a(tmpZR3mVYpebble.o)
 .text.menu_cell_title_draw
                0x0000000000000000        0xc /Users/kevintu/pebble-dev/PebbleSDK-2.2/Pebble/lib/libpebble.a(tmpZR3mVYpebble.o)
 .text.menu_index_compare
                0x0000000000000000        0xc /Users/kevintu/pebble-dev/PebbleSDK-2.2/Pebble/lib/libpebble.a(tmpZR3mVYpebble.o)
 .text.menu_layer_create
                0x0000000000000000        0xc /Users/kevintu/pebble-dev/PebbleSDK-2.2/Pebble/lib/libpebble.a(tmpZR3mVYpebble.o)
 .text.menu_layer_destroy
                0x0000000000000000        0xc /Users/kevintu/pebble-dev/PebbleSDK-2.2/Pebble/lib/libpebble.a(tmpZR3mVYpebble.o)
 .text.menu_layer_get_layer
                0x0000000000000000        0xc /Users/kevintu/pebble-dev/PebbleSDK-2.2/Pebble/lib/libpebble.a(tmpZR3mVYpebble.o)
 .text.menu_layer_get_scroll_layer
                0x0000000000000000        0xc /Users/kevintu/pebble-dev/PebbleSDK-2.2/Pebble/lib/libpebble.a(tmpZR3mVYpebble.o)
 .text.menu_layer_get_selected_index
                0x0000000000000000        0xc /Users/kevintu/pebble-dev/PebbleSDK-2.2/Pebble/lib/libpebble.a(tmpZR3mVYpebble.o)
 .text.menu_layer_reload_data
                0x0000000000000000        0xc /Users/kevintu/pebble-dev/PebbleSDK-2.2/Pebble/lib/libpebble.a(tmpZR3mVYpebble.o)
 .text.menu_layer_set_callbacks__deprecated
                0x0000000000000000        0xc /Users/kevintu/pebble-dev/PebbleSDK-2.2/Pebble/lib/libpebble.a(tmpZR3mVYpebble.o)
 .text.menu_layer_set_click_config_onto_window
                0x0000000000000000        0xc /Users/kevintu/pebble-dev/PebbleSDK-2.2/Pebble/lib/libpebble.a(tmpZR3mVYpebble.o)
 .text.menu_layer_set_selected_index
                0x0000000000000000        0xc /Users/kevintu/pebble-dev/PebbleSDK-2.2/Pebble/lib/libpebble.a(tmpZR3mVYpebble.o)
 .text.menu_layer_set_selected_next
                0x0000000000000000        0xc /Users/kevintu/pebble-dev/PebbleSDK-2.2/Pebble/lib/libpebble.a(tmpZR3mVYpebble.o)
 .text.number_window_create
                0x0000000000000000        0xc /Users/kevintu/pebble-dev/PebbleSDK-2.2/Pebble/lib/libpebble.a(tmpZR3mVYpebble.o)
 .text.number_window_destroy
                0x0000000000000000        0xc /Users/kevintu/pebble-dev/PebbleSDK-2.2/Pebble/lib/libpebble.a(tmpZR3mVYpebble.o)
 .text.number_window_get_value
                0x0000000000000000        0xc /Users/kevintu/pebble-dev/PebbleSDK-2.2/Pebble/lib/libpebble.a(tmpZR3mVYpebble.o)
 .text.number_window_set_label
                0x0000000000000000        0xc /Users/kevintu/pebble-dev/PebbleSDK-2.2/Pebble/lib/libpebble.a(tmpZR3mVYpebble.o)
 .text.number_window_set_max
                0x0000000000000000        0xc /Users/kevintu/pebble-dev/PebbleSDK-2.2/Pebble/lib/libpebble.a(tmpZR3mVYpebble.o)
 .text.number_window_set_min
                0x0000000000000000        0xc /Users/kevintu/pebble-dev/PebbleSDK-2.2/Pebble/lib/libpebble.a(tmpZR3mVYpebble.o)
 .text.number_window_set_step_size
                0x0000000000000000        0xc /Users/kevintu/pebble-dev/PebbleSDK-2.2/Pebble/lib/libpebble.a(tmpZR3mVYpebble.o)
 .text.number_window_set_value
                0x0000000000000000        0xc /Users/kevintu/pebble-dev/PebbleSDK-2.2/Pebble/lib/libpebble.a(tmpZR3mVYpebble.o)
 .text.persist_delete
                0x0000000000000000        0xc /Users/kevintu/pebble-dev/PebbleSDK-2.2/Pebble/lib/libpebble.a(tmpZR3mVYpebble.o)
 .text.persist_exists
                0x0000000000000000        0xc /Users/kevintu/pebble-dev/PebbleSDK-2.2/Pebble/lib/libpebble.a(tmpZR3mVYpebble.o)
 .text.persist_get_size
                0x0000000000000000        0xc /Users/kevintu/pebble-dev/PebbleSDK-2.2/Pebble/lib/libpebble.a(tmpZR3mVYpebble.o)
 .text.persist_read_bool
                0x0000000000000000        0xc /Users/kevintu/pebble-dev/PebbleSDK-2.2/Pebble/lib/libpebble.a(tmpZR3mVYpebble.o)
 .text.persist_read_data__deprecated
                0x0000000000000000        0xc /Users/kevintu/pebble-dev/PebbleSDK-2.2/Pebble/lib/libpebble.a(tmpZR3mVYpebble.o)
 .text.persist_read_int
                0x0000000000000000        0xc /Users/kevintu/pebble-dev/PebbleSDK-2.2/Pebble/lib/libpebble.a(tmpZR3mVYpebble.o)
 .text.persist_read_string__deprecated
                0x0000000000000000        0xc /Users/kevintu/pebble-dev/PebbleSDK-2.2/Pebble/lib/libpebble.a(tmpZR3mVYpebble.o)
 .text.persist_write_bool
                0x0000000000000000        0xc /Users/kevintu/pebble-dev/PebbleSDK-2.2/Pebble/lib/libpebble.a(tmpZR3mVYpebble.o)
 .text.persist_write_data__deprecated
                0x0000000000000000        0xc /Users/kevintu/pebble-dev/PebbleSDK-2.2/Pebble/lib/libpebble.a(tmpZR3mVYpebble.o)
 .text.persist_write_int
                0x0000000000000000        0xc /Users/kevintu/pebble-dev/PebbleSDK-2.2/Pebble/lib/libpebble.a(tmpZR3mVYpebble.o)
 .text.persist_write_string
                0x0000000000000000        0xc /Users/kevintu/pebble-dev/PebbleSDK-2.2/Pebble/lib/libpebble.a(tmpZR3mVYpebble.o)
 .text.property_animation_create
                0x0000000000000000        0xc /Users/kevintu/pebble-dev/PebbleSDK-2.2/Pebble/lib/libpebble.a(tmpZR3mVYpebble.o)
 .text.property_animation_create_layer_frame
                0x0000000000000000        0xc /Users/kevintu/pebble-dev/PebbleSDK-2.2/Pebble/lib/libpebble.a(tmpZR3mVYpebble.o)
 .text.property_animation_destroy
                0x0000000000000000        0xc /Users/kevintu/pebble-dev/PebbleSDK-2.2/Pebble/lib/libpebble.a(tmpZR3mVYpebble.o)
 .text.property_animation_update_gpoint
                0x0000000000000000        0xc /Users/kevintu/pebble-dev/PebbleSDK-2.2/Pebble/lib/libpebble.a(tmpZR3mVYpebble.o)
 .text.property_animation_update_grect
                0x0000000000000000        0xc /Users/kevintu/pebble-dev/PebbleSDK-2.2/Pebble/lib/libpebble.a(tmpZR3mVYpebble.o)
 .text.property_animation_update_int16
                0x0000000000000000        0xc /Users/kevintu/pebble-dev/PebbleSDK-2.2/Pebble/lib/libpebble.a(tmpZR3mVYpebble.o)
 .text.psleep   0x0000000000000000        0xc /Users/kevintu/pebble-dev/PebbleSDK-2.2/Pebble/lib/libpebble.a(tmpZR3mVYpebble.o)
 .text.resource_get_handle
                0x0000000000000000        0xc /Users/kevintu/pebble-dev/PebbleSDK-2.2/Pebble/lib/libpebble.a(tmpZR3mVYpebble.o)
 .text.resource_load
                0x0000000000000000        0xc /Users/kevintu/pebble-dev/PebbleSDK-2.2/Pebble/lib/libpebble.a(tmpZR3mVYpebble.o)
 .text.resource_load_byte_range
                0x0000000000000000        0xc /Users/kevintu/pebble-dev/PebbleSDK-2.2/Pebble/lib/libpebble.a(tmpZR3mVYpebble.o)
 .text.resource_size
                0x0000000000000000        0xc /Users/kevintu/pebble-dev/PebbleSDK-2.2/Pebble/lib/libpebble.a(tmpZR3mVYpebble.o)
 .text.rot_bitmap_layer_create
                0x0000000000000000        0xc /Users/kevintu/pebble-dev/PebbleSDK-2.2/Pebble/lib/libpebble.a(tmpZR3mVYpebble.o)
 .text.rot_bitmap_layer_destroy
                0x0000000000000000        0xc /Users/kevintu/pebble-dev/PebbleSDK-2.2/Pebble/lib/libpebble.a(tmpZR3mVYpebble.o)
 .text.rot_bitmap_layer_increment_angle
                0x0000000000000000        0xc /Users/kevintu/pebble-dev/PebbleSDK-2.2/Pebble/lib/libpebble.a(tmpZR3mVYpebble.o)
 .text.rot_bitmap_layer_set_angle
                0x0000000000000000        0xc /Users/kevintu/pebble-dev/PebbleSDK-2.2/Pebble/lib/libpebble.a(tmpZR3mVYpebble.o)
 .text.rot_bitmap_layer_set_corner_clip_color
                0x0000000000000000        0xc /Users/kevintu/pebble-dev/PebbleSDK-2.2/Pebble/lib/libpebble.a(tmpZR3mVYpebble.o)
 .text.rot_bitmap_set_compositing_mode
                0x0000000000000000        0xc /Users/kevintu/pebble-dev/PebbleSDK-2.2/Pebble/lib/libpebble.a(tmpZR3mVYpebble.o)
 .text.rot_bitmap_set_src_ic
                0x0000000000000000        0xc /Users/kevintu/pebble-dev/PebbleSDK-2.2/Pebble/lib/libpebble.a(tmpZR3mVYpebble.o)
 .text.scroll_layer_add_child
                0x0000000000000000        0xc /Users/kevintu/pebble-dev/PebbleSDK-2.2/Pebble/lib/libpebble.a(tmpZR3mVYpebble.o)
 .text.scroll_layer_create
                0x0000000000000000        0xc /Users/kevintu/pebble-dev/PebbleSDK-2.2/Pebble/lib/libpebble.a(tmpZR3mVYpebble.o)
 .text.scroll_layer_destroy
                0x0000000000000000        0xc /Users/kevintu/pebble-dev/PebbleSDK-2.2/Pebble/lib/libpebble.a(tmpZR3mVYpebble.o)
 .text.scroll_layer_get_content_offset
                0x0000000000000000        0xc /Users/kevintu/pebble-dev/PebbleSDK-2.2/Pebble/lib/libpebble.a(tmpZR3mVYpebble.o)
 .text.scroll_layer_get_content_size
                0x0000000000000000        0xc /Users/kevintu/pebble-dev/PebbleSDK-2.2/Pebble/lib/libpebble.a(tmpZR3mVYpebble.o)
 .text.scroll_layer_get_layer
                0x0000000000000000        0xc /Users/kevintu/pebble-dev/PebbleSDK-2.2/Pebble/lib/libpebble.a(tmpZR3mVYpebble.o)
 .text.scroll_layer_get_shadow_hidden
                0x0000000000000000        0xc /Users/kevintu/pebble-dev/PebbleSDK-2.2/Pebble/lib/libpebble.a(tmpZR3mVYpebble.o)
 .text.scroll_layer_scroll_down_click_handler
                0x0000000000000000        0xc /Users/kevintu/pebble-dev/PebbleSDK-2.2/Pebble/lib/libpebble.a(tmpZR3mVYpebble.o)
 .text.scroll_layer_scroll_up_click_handler
                0x0000000000000000        0xc /Users/kevintu/pebble-dev/PebbleSDK-2.2/Pebble/lib/libpebble.a(tmpZR3mVYpebble.o)
 .text.scroll_layer_set_callbacks
                0x0000000000000000        0xc /Users/kevintu/pebble-dev/PebbleSDK-2.2/Pebble/lib/libpebble.a(tmpZR3mVYpebble.o)
 .text.scroll_layer_set_click_config_onto_window
                0x0000000000000000        0xc /Users/kevintu/pebble-dev/PebbleSDK-2.2/Pebble/lib/libpebble.a(tmpZR3mVYpebble.o)
 .text.scroll_layer_set_content_offset
                0x0000000000000000        0xc /Users/kevintu/pebble-dev/PebbleSDK-2.2/Pebble/lib/libpebble.a(tmpZR3mVYpebble.o)
 .text.scroll_layer_set_content_size
                0x0000000000000000        0xc /Users/kevintu/pebble-dev/PebbleSDK-2.2/Pebble/lib/libpebble.a(tmpZR3mVYpebble.o)
 .text.scroll_layer_set_context
                0x0000000000000000        0xc /Users/kevintu/pebble-dev/PebbleSDK-2.2/Pebble/lib/libpebble.a(tmpZR3mVYpebble.o)
 .text.scroll_layer_set_frame
                0x0000000000000000        0xc /Users/kevintu/pebble-dev/PebbleSDK-2.2/Pebble/lib/libpebble.a(tmpZR3mVYpebble.o)
 .text.scroll_layer_set_shadow_hidden
                0x0000000000000000        0xc /Users/kevintu/pebble-dev/PebbleSDK-2.2/Pebble/lib/libpebble.a(tmpZR3mVYpebble.o)
 .text.simple_menu_layer_create
                0x0000000000000000        0xc /Users/kevintu/pebble-dev/PebbleSDK-2.2/Pebble/lib/libpebble.a(tmpZR3mVYpebble.o)
 .text.simple_menu_layer_destroy
                0x0000000000000000        0xc /Users/kevintu/pebble-dev/PebbleSDK-2.2/Pebble/lib/libpebble.a(tmpZR3mVYpebble.o)
 .text.simple_menu_layer_get_layer
                0x0000000000000000        0xc /Users/kevintu/pebble-dev/PebbleSDK-2.2/Pebble/lib/libpebble.a(tmpZR3mVYpebble.o)
 .text.simple_menu_layer_get_selected_index
                0x0000000000000000        0xc /Users/kevintu/pebble-dev/PebbleSDK-2.2/Pebble/lib/libpebble.a(tmpZR3mVYpebble.o)
 .text.simple_menu_layer_set_selected_index
                0x0000000000000000        0xc /Users/kevintu/pebble-dev/PebbleSDK-2.2/Pebble/lib/libpebble.a(tmpZR3mVYpebble.o)
 .text.sin_lookup
                0x0000000000000000        0xc /Users/kevintu/pebble-dev/PebbleSDK-2.2/Pebble/lib/libpebble.a(tmpZR3mVYpebble.o)
 .text.snprintf
                0x0000000000000000        0xc /Users/kevintu/pebble-dev/PebbleSDK-2.2/Pebble/lib/libpebble.a(tmpZR3mVYpebble.o)
 .text.strcat   0x0000000000000000        0xc /Users/kevintu/pebble-dev/PebbleSDK-2.2/Pebble/lib/libpebble.a(tmpZR3mVYpebble.o)
 .text.strcmp   0x0000000000000000        0xc /Users/kevintu/pebble-dev/PebbleSDK-2.2/Pebble/lib/libpebble.a(tmpZR3mVYpebble.o)
 .text.strcpy   0x0000000000000000        0xc /Users/kevintu/pebble-dev/PebbleSDK-2.2/Pebble/lib/libpebble.a(tmpZR3mVYpebble.o)
 .text.strftime
                0x0000000000000000        0xc /Users/kevintu/pebble-dev/PebbleSDK-2.2/Pebble/lib/libpebble.a(tmpZR3mVYpebble.o)
 .text.strlen   0x0000000000000000        0xc /Users/kevintu/pebble-dev/PebbleSDK-2.2/Pebble/lib/libpebble.a(tmpZR3mVYpebble.o)
 .text.strncat  0x0000000000000000        0xc /Users/kevintu/pebble-dev/PebbleSDK-2.2/Pebble/lib/libpebble.a(tmpZR3mVYpebble.o)
 .text.strncmp  0x0000000000000000        0xc /Users/kevintu/pebble-dev/PebbleSDK-2.2/Pebble/lib/libpebble.a(tmpZR3mVYpebble.o)
 .text.strncpy  0x0000000000000000        0xc /Users/kevintu/pebble-dev/PebbleSDK-2.2/Pebble/lib/libpebble.a(tmpZR3mVYpebble.o)
 .text.text_layer_destroy
                0x0000000000000000        0xc /Users/kevintu/pebble-dev/PebbleSDK-2.2/Pebble/lib/libpebble.a(tmpZR3mVYpebble.o)
 .text.text_layer_get_content_size
                0x0000000000000000        0xc /Users/kevintu/pebble-dev/PebbleSDK-2.2/Pebble/lib/libpebble.a(tmpZR3mVYpebble.o)
 .text.text_layer_get_text
                0x0000000000000000        0xc /Users/kevintu/pebble-dev/PebbleSDK-2.2/Pebble/lib/libpebble.a(tmpZR3mVYpebble.o)
 .text.text_layer_set_background_color
                0x0000000000000000        0xc /Users/kevintu/pebble-dev/PebbleSDK-2.2/Pebble/lib/libpebble.a(tmpZR3mVYpebble.o)
 .text.text_layer_set_overflow_mode
                0x0000000000000000        0xc /Users/kevintu/pebble-dev/PebbleSDK-2.2/Pebble/lib/libpebble.a(tmpZR3mVYpebble.o)
 .text.text_layer_set_size
                0x0000000000000000        0xc /Users/kevintu/pebble-dev/PebbleSDK-2.2/Pebble/lib/libpebble.a(tmpZR3mVYpebble.o)
 .text.text_layer_set_text_color
                0x0000000000000000        0xc /Users/kevintu/pebble-dev/PebbleSDK-2.2/Pebble/lib/libpebble.a(tmpZR3mVYpebble.o)
 .text.tick_timer_service_subscribe
                0x0000000000000000        0xc /Users/kevintu/pebble-dev/PebbleSDK-2.2/Pebble/lib/libpebble.a(tmpZR3mVYpebble.o)
 .text.tick_timer_service_unsubscribe
                0x0000000000000000        0xc /Users/kevintu/pebble-dev/PebbleSDK-2.2/Pebble/lib/libpebble.a(tmpZR3mVYpebble.o)
 .text.time_ms  0x0000000000000000        0xc /Users/kevintu/pebble-dev/PebbleSDK-2.2/Pebble/lib/libpebble.a(tmpZR3mVYpebble.o)
 .text.vibes_cancel
                0x0000000000000000        0xc /Users/kevintu/pebble-dev/PebbleSDK-2.2/Pebble/lib/libpebble.a(tmpZR3mVYpebble.o)
 .text.vibes_double_pulse
                0x0000000000000000        0xc /Users/kevintu/pebble-dev/PebbleSDK-2.2/Pebble/lib/libpebble.a(tmpZR3mVYpebble.o)
 .text.vibes_enqueue_custom_pattern
                0x0000000000000000        0xc /Users/kevintu/pebble-dev/PebbleSDK-2.2/Pebble/lib/libpebble.a(tmpZR3mVYpebble.o)
 .text.vibes_long_pulse
                0x0000000000000000        0xc /Users/kevintu/pebble-dev/PebbleSDK-2.2/Pebble/lib/libpebble.a(tmpZR3mVYpebble.o)
 .text.vibes_short_pulse
                0x0000000000000000        0xc /Users/kevintu/pebble-dev/PebbleSDK-2.2/Pebble/lib/libpebble.a(tmpZR3mVYpebble.o)
 .text.window_get_click_config_provider
                0x0000000000000000        0xc /Users/kevintu/pebble-dev/PebbleSDK-2.2/Pebble/lib/libpebble.a(tmpZR3mVYpebble.o)
 .text.window_get_fullscreen
                0x0000000000000000        0xc /Users/kevintu/pebble-dev/PebbleSDK-2.2/Pebble/lib/libpebble.a(tmpZR3mVYpebble.o)
 .text.window_is_loaded
                0x0000000000000000        0xc /Users/kevintu/pebble-dev/PebbleSDK-2.2/Pebble/lib/libpebble.a(tmpZR3mVYpebble.o)
 .text.window_set_click_config_provider_with_context
                0x0000000000000000        0xc /Users/kevintu/pebble-dev/PebbleSDK-2.2/Pebble/lib/libpebble.a(tmpZR3mVYpebble.o)
 .text.window_set_fullscreen
                0x0000000000000000        0xc /Users/kevintu/pebble-dev/PebbleSDK-2.2/Pebble/lib/libpebble.a(tmpZR3mVYpebble.o)
 .text.window_set_status_bar_icon
                0x0000000000000000        0xc /Users/kevintu/pebble-dev/PebbleSDK-2.2/Pebble/lib/libpebble.a(tmpZR3mVYpebble.o)
 .text.window_set_window_handlers
                0x0000000000000000        0xc /Users/kevintu/pebble-dev/PebbleSDK-2.2/Pebble/lib/libpebble.a(tmpZR3mVYpebble.o)
 .text.window_stack_contains_window
                0x0000000000000000        0xc /Users/kevintu/pebble-dev/PebbleSDK-2.2/Pebble/lib/libpebble.a(tmpZR3mVYpebble.o)
 .text.window_stack_get_top_window
                0x0000000000000000        0xc /Users/kevintu/pebble-dev/PebbleSDK-2.2/Pebble/lib/libpebble.a(tmpZR3mVYpebble.o)
 .text.window_stack_pop_all
                0x0000000000000000        0xc /Users/kevintu/pebble-dev/PebbleSDK-2.2/Pebble/lib/libpebble.a(tmpZR3mVYpebble.o)
 .text.window_stack_remove
                0x0000000000000000        0xc /Users/kevintu/pebble-dev/PebbleSDK-2.2/Pebble/lib/libpebble.a(tmpZR3mVYpebble.o)
 .text.app_focus_service_subscribe
                0x0000000000000000        0xc /Users/kevintu/pebble-dev/PebbleSDK-2.2/Pebble/lib/libpebble.a(tmpZR3mVYpebble.o)
 .text.app_focus_service_unsubscribe
                0x0000000000000000        0xc /Users/kevintu/pebble-dev/PebbleSDK-2.2/Pebble/lib/libpebble.a(tmpZR3mVYpebble.o)
 .text.window_get_user_data
                0x0000000000000000        0xc /Users/kevintu/pebble-dev/PebbleSDK-2.2/Pebble/lib/libpebble.a(tmpZR3mVYpebble.o)
 .text.window_set_user_data
                0x0000000000000000        0xc /Users/kevintu/pebble-dev/PebbleSDK-2.2/Pebble/lib/libpebble.a(tmpZR3mVYpebble.o)
 .text.app_message_get_context
                0x0000000000000000        0xc /Users/kevintu/pebble-dev/PebbleSDK-2.2/Pebble/lib/libpebble.a(tmpZR3mVYpebble.o)
 .text.app_message_inbox_size_maximum
                0x0000000000000000        0xc /Users/kevintu/pebble-dev/PebbleSDK-2.2/Pebble/lib/libpebble.a(tmpZR3mVYpebble.o)
 .text.app_message_outbox_begin
                0x0000000000000000        0xc /Users/kevintu/pebble-dev/PebbleSDK-2.2/Pebble/lib/libpebble.a(tmpZR3mVYpebble.o)
 .text.app_message_outbox_send
                0x0000000000000000        0xc /Users/kevintu/pebble-dev/PebbleSDK-2.2/Pebble/lib/libpebble.a(tmpZR3mVYpebble.o)
 .text.app_message_outbox_size_maximum
                0x0000000000000000        0xc /Users/kevintu/pebble-dev/PebbleSDK-2.2/Pebble/lib/libpebble.a(tmpZR3mVYpebble.o)
 .text.app_message_register_inbox_dropped
                0x0000000000000000        0xc /Users/kevintu/pebble-dev/PebbleSDK-2.2/Pebble/lib/libpebble.a(tmpZR3mVYpebble.o)
 .text.app_message_register_inbox_received
                0x0000000000000000        0xc /Users/kevintu/pebble-dev/PebbleSDK-2.2/Pebble/lib/libpebble.a(tmpZR3mVYpebble.o)
 .text.app_message_register_outbox_failed
                0x0000000000000000        0xc /Users/kevintu/pebble-dev/PebbleSDK-2.2/Pebble/lib/libpebble.a(tmpZR3mVYpebble.o)
 .text.app_message_register_outbox_sent
                0x0000000000000000        0xc /Users/kevintu/pebble-dev/PebbleSDK-2.2/Pebble/lib/libpebble.a(tmpZR3mVYpebble.o)
 .text.app_message_set_context
                0x0000000000000000        0xc /Users/kevintu/pebble-dev/PebbleSDK-2.2/Pebble/lib/libpebble.a(tmpZR3mVYpebble.o)
 .text.window_long_click_subscribe
                0x0000000000000000        0xc /Users/kevintu/pebble-dev/PebbleSDK-2.2/Pebble/lib/libpebble.a(tmpZR3mVYpebble.o)
 .text.window_multi_click_subscribe
                0x0000000000000000        0xc /Users/kevintu/pebble-dev/PebbleSDK-2.2/Pebble/lib/libpebble.a(tmpZR3mVYpebble.o)
 .text.window_raw_click_subscribe
                0x0000000000000000        0xc /Users/kevintu/pebble-dev/PebbleSDK-2.2/Pebble/lib/libpebble.a(tmpZR3mVYpebble.o)
 .text.window_set_click_context
                0x0000000000000000        0xc /Users/kevintu/pebble-dev/PebbleSDK-2.2/Pebble/lib/libpebble.a(tmpZR3mVYpebble.o)
 .text.window_single_repeating_click_subscribe
                0x0000000000000000        0xc /Users/kevintu/pebble-dev/PebbleSDK-2.2/Pebble/lib/libpebble.a(tmpZR3mVYpebble.o)
 .text.dict_serialize_tuplets_to_buffer
                0x0000000000000000        0xc /Users/kevintu/pebble-dev/PebbleSDK-2.2/Pebble/lib/libpebble.a(tmpZR3mVYpebble.o)
 .text.persist_read_data
                0x0000000000000000        0xc /Users/kevintu/pebble-dev/PebbleSDK-2.2/Pebble/lib/libpebble.a(tmpZR3mVYpebble.o)
 .text.persist_read_string
                0x0000000000000000        0xc /Users/kevintu/pebble-dev/PebbleSDK-2.2/Pebble/lib/libpebble.a(tmpZR3mVYpebble.o)
 .text.persist_write_data
                0x0000000000000000        0xc /Users/kevintu/pebble-dev/PebbleSDK-2.2/Pebble/lib/libpebble.a(tmpZR3mVYpebble.o)
 .text.dict_size
                0x0000000000000000        0xc /Users/kevintu/pebble-dev/PebbleSDK-2.2/Pebble/lib/libpebble.a(tmpZR3mVYpebble.o)
 .text.graphics_text_layout_get_content_size
                0x0000000000000000        0xc /Users/kevintu/pebble-dev/PebbleSDK-2.2/Pebble/lib/libpebble.a(tmpZR3mVYpebble.o)
 .text.simple_menu_layer_get_menu_layer
                0x0000000000000000        0xc /Users/kevintu/pebble-dev/PebbleSDK-2.2/Pebble/lib/libpebble.a(tmpZR3mVYpebble.o)
 .text.accel_data_service_subscribe
                0x0000000000000000        0xc /Users/kevintu/pebble-dev/PebbleSDK-2.2/Pebble/lib/libpebble.a(tmpZR3mVYpebble.o)
 .text.calloc   0x0000000000000000        0xc /Users/kevintu/pebble-dev/PebbleSDK-2.2/Pebble/lib/libpebble.a(tmpZR3mVYpebble.o)
 .text.bitmap_layer_get_bitmap
                0x0000000000000000        0xc /Users/kevintu/pebble-dev/PebbleSDK-2.2/Pebble/lib/libpebble.a(tmpZR3mVYpebble.o)
 .text.menu_layer_set_callbacks
                0x0000000000000000        0xc /Users/kevintu/pebble-dev/PebbleSDK-2.2/Pebble/lib/libpebble.a(tmpZR3mVYpebble.o)
 .text.window_get_click_config_context
                0x0000000000000000        0xc /Users/kevintu/pebble-dev/PebbleSDK-2.2/Pebble/lib/libpebble.a(tmpZR3mVYpebble.o)
 .text          0x0000000000000000        0x0 /Users/kevintu/pebble-dev/PebbleSDK-2.2/arm-cs-tools/bin/../lib/gcc/arm-none-eabi/4.7.2/thumb2/crtend.o
 .bss           0x0000000000000000        0x0 /Users/kevintu/pebble-dev/PebbleSDK-2.2/arm-cs-tools/bin/../lib/gcc/arm-none-eabi/4.7.2/thumb2/crtend.o
 .eh_frame      0x0000000000000000        0x4 /Users/kevintu/pebble-dev/PebbleSDK-2.2/arm-cs-tools/bin/../lib/gcc/arm-none-eabi/4.7.2/thumb2/crtend.o
 .jcr           0x0000000000000000        0x4 /Users/kevintu/pebble-dev/PebbleSDK-2.2/arm-cs-tools/bin/../lib/gcc/arm-none-eabi/4.7.2/thumb2/crtend.o
 .tm_clone_table
                0x0000000000000000        0x0 /Users/kevintu/pebble-dev/PebbleSDK-2.2/arm-cs-tools/bin/../lib/gcc/arm-none-eabi/4.7.2/thumb2/crtend.o
 .text          0x0000000000000000        0x0 /Users/kevintu/pebble-dev/PebbleSDK-2.2/arm-cs-tools/bin/../lib/gcc/arm-none-eabi/4.7.2/thumb2/crtn.o
 .bss           0x0000000000000000        0x0 /Users/kevintu/pebble-dev/PebbleSDK-2.2/arm-cs-tools/bin/../lib/gcc/arm-none-eabi/4.7.2/thumb2/crtn.o
 .init          0x0000000000000000        0x8 /Users/kevintu/pebble-dev/PebbleSDK-2.2/arm-cs-tools/bin/../lib/gcc/arm-none-eabi/4.7.2/thumb2/crtn.o
 .fini          0x0000000000000000        0x8 /Users/kevintu/pebble-dev/PebbleSDK-2.2/arm-cs-tools/bin/../lib/gcc/arm-none-eabi/4.7.2/thumb2/crtn.o

Memory Configuration

Name             Origin             Length             Attributes
APP              0x0000000000000000 0x0000000000006000 xrw
*default*        0x0000000000000000 0xffffffffffffffff

Linker script and memory map

LOAD /Users/kevintu/pebble-dev/PebbleSDK-2.2/arm-cs-tools/bin/../lib/gcc/arm-none-eabi/4.7.2/thumb2/crti.o
LOAD /Users/kevintu/pebble-dev/PebbleSDK-2.2/arm-cs-tools/bin/../lib/gcc/arm-none-eabi/4.7.2/thumb2/crtbegin.o
LOAD src/ddr.c.8.o
LOAD appinfo.auto.c.8.o
LOAD /Users/kevintu/pebble-dev/PebbleSDK-2.2/Pebble/lib/libpebble.a
START GROUP
LOAD /Users/kevintu/pebble-dev/PebbleSDK-2.2/arm-cs-tools/bin/../lib/gcc/arm-none-eabi/4.7.2/thumb2/libgcc.a
LOAD /Users/kevintu/pebble-dev/PebbleSDK-2.2/arm-cs-tools/bin/../lib/gcc/arm-none-eabi/4.7.2/../../../../arm-none-eabi/lib/thumb2/libc.a
END GROUP
LOAD /Users/kevintu/pebble-dev/PebbleSDK-2.2/arm-cs-tools/bin/../lib/gcc/arm-none-eabi/4.7.2/thumb2/crtend.o
LOAD /Users/kevintu/pebble-dev/PebbleSDK-2.2/arm-cs-tools/bin/../lib/gcc/arm-none-eabi/4.7.2/thumb2/crtn.o

.header         0x0000000000000000       0x82
 *(.pbl_header)
 .pbl_header    0x0000000000000000       0x82 appinfo.auto.c.8.o
                0x0000000000000000                __pbl_app_info

.text           0x0000000000000084     0x107d
 *(.text)
 .text          0x0000000000000084       0x14 /Users/kevintu/pebble-dev/PebbleSDK-2.2/Pebble/lib/libpebble.a(tmpZR3mVYpebble.o)
 *(.text.*)
 .text.evaluate_click
                0x0000000000000098      0x278 src/ddr.c.8.o
 .text.home_up  0x0000000000000310        0x2 src/ddr.c.8.o
 .text.home_down
                0x0000000000000312        0x2 src/ddr.c.8.o
 .text.finished_up
                0x0000000000000314        0x2 src/ddr.c.8.o
 .text.finished_down
                0x0000000000000316        0x2 src/ddr.c.8.o
 .text.home_config_provider
                0x0000000000000318       0x30 src/ddr.c.8.o
 .text.config_provider
                0x0000000000000348       0x40 src/ddr.c.8.o
 .text.finished_config_provider
                0x0000000000000388       0x30 src/ddr.c.8.o
 .text.gametimer_callback
                0x00000000000003b8        0x6 src/ddr.c.8.o
 *fill*         0x00000000000003be        0x2 
 .text.home_select
                0x00000000000003c0       0x48 src/ddr.c.8.o
 .text.timer_callback
                0x0000000000000408       0x48 src/ddr.c.8.o
 .text.finished_select
                0x0000000000000450       0x84 src/ddr.c.8.o
 .text.select_handler
                0x00000000000004d4       0x44 src/ddr.c.8.o
 .text.down_handler
                0x0000000000000518       0x44 src/ddr.c.8.o
 .text.up_handler
                0x000000000000055c       0x44 src/ddr.c.8.o
 .text.back_handler
                0x00000000000005a0       0x44 src/ddr.c.8.o
 .text.get_int_len
                0x00000000000005e4       0x14 src/ddr.c.8.o
                0x00000000000005e4                get_int_len
 .text.path_layer_update_callback
                0x00000000000005f8      0x394 src/ddr.c.8.o
 .text.startup.main
                0x000000000000098c      0x4b8 src/ddr.c.8.o
                0x000000000000098c                main
 .text.app_event_loop
                0x0000000000000e44        0xc /Users/kevintu/pebble-dev/PebbleSDK-2.2/Pebble/lib/libpebble.a(tmpZR3mVYpebble.o)
                0x0000000000000e44                app_event_loop
 .text.app_timer_cancel
                0x0000000000000e50        0xc /Users/kevintu/pebble-dev/PebbleSDK-2.2/Pebble/lib/libpebble.a(tmpZR3mVYpebble.o)
                0x0000000000000e50                app_timer_cancel
 .text.app_timer_register
                0x0000000000000e5c        0xc /Users/kevintu/pebble-dev/PebbleSDK-2.2/Pebble/lib/libpebble.a(tmpZR3mVYpebble.o)
                0x0000000000000e5c                app_timer_register
 .text.bitmap_layer_create
                0x0000000000000e68        0xc /Users/kevintu/pebble-dev/PebbleSDK-2.2/Pebble/lib/libpebble.a(tmpZR3mVYpebble.o)
                0x0000000000000e68                bitmap_layer_create
 .text.bitmap_layer_destroy
                0x0000000000000e74        0xc /Users/kevintu/pebble-dev/PebbleSDK-2.2/Pebble/lib/libpebble.a(tmpZR3mVYpebble.o)
                0x0000000000000e74                bitmap_layer_destroy
 .text.bitmap_layer_get_layer
                0x0000000000000e80        0xc /Users/kevintu/pebble-dev/PebbleSDK-2.2/Pebble/lib/libpebble.a(tmpZR3mVYpebble.o)
                0x0000000000000e80                bitmap_layer_get_layer
 .text.bitmap_layer_set_alignment
                0x0000000000000e8c        0xc /Users/kevintu/pebble-dev/PebbleSDK-2.2/Pebble/lib/libpebble.a(tmpZR3mVYpebble.o)
                0x0000000000000e8c                bitmap_layer_set_alignment
 .text.bitmap_layer_set_bitmap
                0x0000000000000e98        0xc /Users/kevintu/pebble-dev/PebbleSDK-2.2/Pebble/lib/libpebble.a(tmpZR3mVYpebble.o)
                0x0000000000000e98                bitmap_layer_set_bitmap
 .text.fonts_get_system_font
                0x0000000000000ea4        0xc /Users/kevintu/pebble-dev/PebbleSDK-2.2/Pebble/lib/libpebble.a(tmpZR3mVYpebble.o)
                0x0000000000000ea4                fonts_get_system_font
 .text.gbitmap_create_with_resource
                0x0000000000000eb0        0xc /Users/kevintu/pebble-dev/PebbleSDK-2.2/Pebble/lib/libpebble.a(tmpZR3mVYpebble.o)
                0x0000000000000eb0                gbitmap_create_with_resource
 .text.gbitmap_destroy
                0x0000000000000ebc        0xc /Users/kevintu/pebble-dev/PebbleSDK-2.2/Pebble/lib/libpebble.a(tmpZR3mVYpebble.o)
                0x0000000000000ebc                gbitmap_destroy
 .text.gpath_create
                0x0000000000000ec8        0xc /Users/kevintu/pebble-dev/PebbleSDK-2.2/Pebble/lib/libpebble.a(tmpZR3mVYpebble.o)
                0x0000000000000ec8                gpath_create
 .text.gpath_destroy
                0x0000000000000ed4        0xc /Users/kevintu/pebble-dev/PebbleSDK-2.2/Pebble/lib/libpebble.a(tmpZR3mVYpebble.o)
                0x0000000000000ed4                gpath_destroy
 .text.gpath_draw_filled
                0x0000000000000ee0        0xc /Users/kevintu/pebble-dev/PebbleSDK-2.2/Pebble/lib/libpebble.a(tmpZR3mVYpebble.o)
                0x0000000000000ee0                gpath_draw_filled
 .text.gpath_draw_outline
                0x0000000000000eec        0xc /Users/kevintu/pebble-dev/PebbleSDK-2.2/Pebble/lib/libpebble.a(tmpZR3mVYpebble.o)
                0x0000000000000eec                gpath_draw_outline
 .text.gpath_move_to
                0x0000000000000ef8        0xc /Users/kevintu/pebble-dev/PebbleSDK-2.2/Pebble/lib/libpebble.a(tmpZR3mVYpebble.o)
                0x0000000000000ef8                gpath_move_to
 .text.graphics_context_set_fill_color
                0x0000000000000f04        0xc /Users/kevintu/pebble-dev/PebbleSDK-2.2/Pebble/lib/libpebble.a(tmpZR3mVYpebble.o)
                0x0000000000000f04                graphics_context_set_fill_color
 .text.graphics_context_set_stroke_color
                0x0000000000000f10        0xc /Users/kevintu/pebble-dev/PebbleSDK-2.2/Pebble/lib/libpebble.a(tmpZR3mVYpebble.o)
                0x0000000000000f10                graphics_context_set_stroke_color
 .text.graphics_context_set_text_color
                0x0000000000000f1c        0xc /Users/kevintu/pebble-dev/PebbleSDK-2.2/Pebble/lib/libpebble.a(tmpZR3mVYpebble.o)
                0x0000000000000f1c                graphics_context_set_text_color
 .text.layer_add_child
                0x0000000000000f28        0xc /Users/kevintu/pebble-dev/PebbleSDK-2.2/Pebble/lib/libpebble.a(tmpZR3mVYpebble.o)
                0x0000000000000f28                layer_add_child
 .text.layer_create
                0x0000000000000f34        0xc /Users/kevintu/pebble-dev/PebbleSDK-2.2/Pebble/lib/libpebble.a(tmpZR3mVYpebble.o)
                0x0000000000000f34                layer_create
 .text.layer_destroy
                0x0000000000000f40        0xc /Users/kevintu/pebble-dev/PebbleSDK-2.2/Pebble/lib/libpebble.a(tmpZR3mVYpebble.o)
                0x0000000000000f40                layer_destroy
 .text.layer_get_frame
                0x0000000000000f4c        0xc /Users/kevintu/pebble-dev/PebbleSDK-2.2/Pebble/lib/libpebble.a(tmpZR3mVYpebble.o)
                0x0000000000000f4c                layer_get_frame
 .text.layer_mark_dirty
                0x0000000000000f58        0xc /Users/kevintu/pebble-dev/PebbleSDK-2.2/Pebble/lib/libpebble.a(tmpZR3mVYpebble.o)
                0x0000000000000f58                layer_mark_dirty
 .text.layer_set_update_proc
                0x0000000000000f64        0xc /Users/kevintu/pebble-dev/PebbleSDK-2.2/Pebble/lib/libpebble.a(tmpZR3mVYpebble.o)
                0x0000000000000f64                layer_set_update_proc
 .text.light_enable
                0x0000000000000f70        0xc /Users/kevintu/pebble-dev/PebbleSDK-2.2/Pebble/lib/libpebble.a(tmpZR3mVYpebble.o)
                0x0000000000000f70                light_enable
 .text.memset   0x0000000000000f7c        0xc /Users/kevintu/pebble-dev/PebbleSDK-2.2/Pebble/lib/libpebble.a(tmpZR3mVYpebble.o)
                0x0000000000000f7c                memset
 .text.rand     0x0000000000000f88        0xc /Users/kevintu/pebble-dev/PebbleSDK-2.2/Pebble/lib/libpebble.a(tmpZR3mVYpebble.o)
                0x0000000000000f88                rand
 .text.srand    0x0000000000000f94        0xc /Users/kevintu/pebble-dev/PebbleSDK-2.2/Pebble/lib/libpebble.a(tmpZR3mVYpebble.o)
                0x0000000000000f94                srand
 .text.text_layer_create
                0x0000000000000fa0        0xc /Users/kevintu/pebble-dev/PebbleSDK-2.2/Pebble/lib/libpebble.a(tmpZR3mVYpebble.o)
                0x0000000000000fa0                text_layer_create
 .text.text_layer_get_layer
                0x0000000000000fac        0xc /Users/kevintu/pebble-dev/PebbleSDK-2.2/Pebble/lib/libpebble.a(tmpZR3mVYpebble.o)
                0x0000000000000fac                text_layer_get_layer
 .text.text_layer_set_font
                0x0000000000000fb8        0xc /Users/kevintu/pebble-dev/PebbleSDK-2.2/Pebble/lib/libpebble.a(tmpZR3mVYpebble.o)
                0x0000000000000fb8                text_layer_set_font
 .text.text_layer_set_text
                0x0000000000000fc4        0xc /Users/kevintu/pebble-dev/PebbleSDK-2.2/Pebble/lib/libpebble.a(tmpZR3mVYpebble.o)
                0x0000000000000fc4                text_layer_set_text
 .text.text_layer_set_text_alignment
                0x0000000000000fd0        0xc /Users/kevintu/pebble-dev/PebbleSDK-2.2/Pebble/lib/libpebble.a(tmpZR3mVYpebble.o)
                0x0000000000000fd0                text_layer_set_text_alignment
 .text.time     0x0000000000000fdc        0xc /Users/kevintu/pebble-dev/PebbleSDK-2.2/Pebble/lib/libpebble.a(tmpZR3mVYpebble.o)
                0x0000000000000fdc                time
 .text.window_create
                0x0000000000000fe8        0xc /Users/kevintu/pebble-dev/PebbleSDK-2.2/Pebble/lib/libpebble.a(tmpZR3mVYpebble.o)
                0x0000000000000fe8                window_create
 .text.window_destroy
                0x0000000000000ff4        0xc /Users/kevintu/pebble-dev/PebbleSDK-2.2/Pebble/lib/libpebble.a(tmpZR3mVYpebble.o)
                0x0000000000000ff4                window_destroy
 .text.window_get_root_layer
                0x0000000000001000        0xc /Users/kevintu/pebble-dev/PebbleSDK-2.2/Pebble/lib/libpebble.a(tmpZR3mVYpebble.o)
                0x0000000000001000                window_get_root_layer
 .text.window_set_background_color
                0x000000000000100c        0xc /Users/kevintu/pebble-dev/PebbleSDK-2.2/Pebble/lib/libpebble.a(tmpZR3mVYpebble.o)
                0x000000000000100c                window_set_background_color
 .text.window_set_click_config_provider
                0x0000000000001018        0xc /Users/kevintu/pebble-dev/PebbleSDK-2.2/Pebble/lib/libpebble.a(tmpZR3mVYpebble.o)
                0x0000000000001018                window_set_click_config_provider
 .text.window_stack_pop
                0x0000000000001024        0xc /Users/kevintu/pebble-dev/PebbleSDK-2.2/Pebble/lib/libpebble.a(tmpZR3mVYpebble.o)
                0x0000000000001024                window_stack_pop
 .text.window_stack_push
                0x0000000000001030        0xc /Users/kevintu/pebble-dev/PebbleSDK-2.2/Pebble/lib/libpebble.a(tmpZR3mVYpebble.o)
                0x0000000000001030                window_stack_push
 .text.window_single_click_subscribe
                0x000000000000103c        0xc /Users/kevintu/pebble-dev/PebbleSDK-2.2/Pebble/lib/libpebble.a(tmpZR3mVYpebble.o)
                0x000000000000103c                window_single_click_subscribe
 .text.graphics_draw_text
                0x0000000000001048        0xc /Users/kevintu/pebble-dev/PebbleSDK-2.2/Pebble/lib/libpebble.a(tmpZR3mVYpebble.o)
                0x0000000000001048                graphics_draw_text
 *(.rodata)
 .rodata        0x0000000000001054       0x1a src/ddr.c.8.o
 *(.rodata*)
 .rodata.str1.1
                0x000000000000106e       0x93 src/ddr.c.8.o

.glue_7         0x0000000000001104        0x0
 .glue_7        0x0000000000000000        0x0 linker stubs

.glue_7t        0x0000000000001104        0x0
 .glue_7t       0x0000000000000000        0x0 linker stubs

.vfp11_veneer   0x0000000000001104        0x0
 .vfp11_veneer  0x0000000000000000        0x0 linker stubs

.v4_bx          0x0000000000001104        0x0
 .v4_bx         0x0000000000000000        0x0 linker stubs

.iplt           0x0000000000001104        0x0
 .iplt          0x0000000000000000        0x0 /Users/kevintu/pebble-dev/PebbleSDK-2.2/arm-cs-tools/bin/../lib/gcc/arm-none-eabi/4.7.2/thumb2/crtbegin.o

.rel.dyn        0x0000000000001104        0x0
 .rel.iplt      0x0000000000000000        0x0 /Users/kevintu/pebble-dev/PebbleSDK-2.2/arm-cs-tools/bin/../lib/gcc/arm-none-eabi/4.7.2/thumb2/crtbegin.o
 .rel.got       0x0000000000000000        0x0 /Users/kevintu/pebble-dev/PebbleSDK-2.2/arm-cs-tools/bin/../lib/gcc/arm-none-eabi/4.7.2/thumb2/crtbegin.o

.data           0x0000000000001104       0x9c
 *(.data)
 .data          0x0000000000001104        0x0 /Users/kevintu/pebble-dev/PebbleSDK-2.2/arm-cs-tools/bin/../lib/gcc/arm-none-eabi/4.7.2/thumb2/crti.o
 .data          0x0000000000001104        0x4 /Users/kevintu/pebble-dev/PebbleSDK-2.2/arm-cs-tools/bin/../lib/gcc/arm-none-eabi/4.7.2/thumb2/crtbegin.o
                0x0000000000001104                __dso_handle
 .data          0x0000000000001108        0x0 src/ddr.c.8.o
 .data          0x0000000000001108        0x0 appinfo.auto.c.8.o
 .data          0x0000000000001108        0x0 /Users/kevintu/pebble-dev/PebbleSDK-2.2/Pebble/lib/libpebble.a(tmpZR3mVYpebble.o)
 .data          0x0000000000001108        0x0 /Users/kevintu/pebble-dev/PebbleSDK-2.2/arm-cs-tools/bin/../lib/gcc/arm-none-eabi/4.7.2/thumb2/crtend.o
 .data          0x0000000000001108        0x0 /Users/kevintu/pebble-dev/PebbleSDK-2.2/arm-cs-tools/bin/../lib/gcc/arm-none-eabi/4.7.2/thumb2/crtn.o
 *(.data.*)
 .data.rel.ro.local.LEFT_ARROW_PATH_POINTS
                0x0000000000001108        0x8 src/ddr.c.8.o
 .data.__compound_literal.3
                0x0000000000001110       0x1c src/ddr.c.8.o
 .data.__compound_literal.1
                0x000000000000112c       0x1c src/ddr.c.8.o
 .data.path_height2
                0x0000000000001148        0x4 src/ddr.c.8.o
 .data.__compound_literal.2
                0x000000000000114c       0x1c src/ddr.c.8.o
 .data.__compound_literal.0
                0x0000000000001168       0x1c src/ddr.c.8.o
 .data.multiplier
                0x0000000000001184        0x4 src/ddr.c.8.o
                0x0000000000001184                multiplier
 .data.rel.ro.local.DOWN_ARROW_PATH_POINTS
                0x0000000000001188        0x8 src/ddr.c.8.o
 .data.rel.ro.local.UP_ARROW_PATH_POINTS
                0x0000000000001190        0x8 src/ddr.c.8.o
 .data.rel.ro.local.RIGHT_ARROW_PATH_POINTS
                0x0000000000001198        0x8 src/ddr.c.8.o

.igot.plt       0x00000000000011a0        0x0
 .igot.plt      0x0000000000000000        0x0 /Users/kevintu/pebble-dev/PebbleSDK-2.2/arm-cs-tools/bin/../lib/gcc/arm-none-eabi/4.7.2/thumb2/crtbegin.o

.got            0x00000000000011a0        0x8
 .got           0x00000000000011a0        0x8 /Users/kevintu/pebble-dev/PebbleSDK-2.2/arm-cs-tools/bin/../lib/gcc/arm-none-eabi/4.7.2/thumb2/crtbegin.o

.got.plt        0x00000000000011a8        0xc
 .got.plt       0x00000000000011a8        0xc /Users/kevintu/pebble-dev/PebbleSDK-2.2/arm-cs-tools/bin/../lib/gcc/arm-none-eabi/4.7.2/thumb2/crtbegin.o
                0x00000000000011a8                _GLOBAL_OFFSET_TABLE_

.bss            0x00000000000011b4       0xb4
 *(.bss)
 *(.bss.*)
 .bss.right_arrow_path2
                0x00000000000011b4        0x4 src/ddr.c.8.o
 .bss.graphic_paths
                0x00000000000011b8       0x10 src/ddr.c.8.o
 .bss.current_path2
                0x00000000000011c8        0x4 src/ddr.c.8.o
 .bss.text_layer
                0x00000000000011cc        0x4 src/ddr.c.8.o
 .bss.up_arrow_path
                0x00000000000011d0        0x4 src/ddr.c.8.o
 .bss.current_path_index
                0x00000000000011d4        0x4 src/ddr.c.8.o
 .bss.down_arrow_path
                0x00000000000011d8        0x4 src/ddr.c.8.o
 .bss.down_arrow_path2
                0x00000000000011dc        0x4 src/ddr.c.8.o
 .bss.current_path_index2
                0x00000000000011e0        0x4 src/ddr.c.8.o
 .bss.up_arrow_path2
                0x00000000000011e4        0x4 src/ddr.c.8.o
 .bss.up_arrow_bottom
                0x00000000000011e8        0x4 src/ddr.c.8.o
 .bss.left_arrow_path
                0x00000000000011ec        0x4 src/ddr.c.8.o
 .bss.timer     0x00000000000011f0        0x4 src/ddr.c.8.o
 .bss.gametimer
                0x00000000000011f4        0x4 src/ddr.c.8.o
 .bss.window    0x00000000000011f8        0x4 src/ddr.c.8.o
 .bss.score     0x00000000000011fc        0x4 src/ddr.c.8.o
                0x00000000000011fc                score
 .bss.down_arrow_bottom
                0x0000000000001200        0x4 src/ddr.c.8.o
 .bss.left_arrow_bottom
                0x0000000000001204        0x4 src/ddr.c.8.o
 .bss.graphic_paths2
                0x0000000000001208       0x10 src/ddr.c.8.o
 .bss.image_layer
                0x0000000000001218        0x4 src/ddr.c.8.o
 .bss.left_arrow_path2
                0x000000000000121c        0x4 src/ddr.c.8.o
 .bss.finished_text_layer3
                0x0000000000001220        0x4 src/ddr.c.8.o
 .bss.path_layer
                0x0000000000001224        0x4 src/ddr.c.8.o
 .bss.finished_window
                0x0000000000001228        0x4 src/ddr.c.8.o
 .bss.current_path
                0x000000000000122c        0x4 src/ddr.c.8.o
 .bss.finished_text_layer2
                0x0000000000001230        0x4 src/ddr.c.8.o
 .bss.home_window
                0x0000000000001234        0x4 src/ddr.c.8.o
 .bss.right_arrow_bottom
                0x0000000000001238        0x4 src/ddr.c.8.o
 .bss.finished_text_layer
                0x000000000000123c        0x4 src/ddr.c.8.o
 .bss.image     0x0000000000001240        0x4 src/ddr.c.8.o
 .bss.right_arrow_path
                0x0000000000001244        0x4 src/ddr.c.8.o
 .bss.path_height
                0x0000000000001248        0x4 src/ddr.c.8.o
 COMMON         0x000000000000124c       0x1c src/ddr.c.8.o
                0x000000000000124c                c
                0x0000000000001254                status

DISCARD
 libc.a(*)
 libm.a(*)
 libgcc.a(*)
 *(.eh_frame)
OUTPUT(/Users/kevintu/pebble-dev/PebbleSDK-2.2/Examples/watchapps/pebble_ddr/build/pebble-app.elf elf32-littlearm)

.ARM.attributes
                0x0000000000000000       0x27
 .ARM.attributes
                0x0000000000000000       0x19 /Users/kevintu/pebble-dev/PebbleSDK-2.2/arm-cs-tools/bin/../lib/gcc/arm-none-eabi/4.7.2/thumb2/crti.o
 .ARM.attributes
                0x0000000000000019       0x29 /Users/kevintu/pebble-dev/PebbleSDK-2.2/arm-cs-tools/bin/../lib/gcc/arm-none-eabi/4.7.2/thumb2/crtbegin.o
 .ARM.attributes
                0x0000000000000042       0x33 src/ddr.c.8.o
 .ARM.attributes
                0x0000000000000075       0x33 appinfo.auto.c.8.o
 .ARM.attributes
                0x00000000000000a8       0x21 /Users/kevintu/pebble-dev/PebbleSDK-2.2/Pebble/lib/libpebble.a(tmpZR3mVYpebble.o)
 .ARM.attributes
                0x00000000000000c9       0x29 /Users/kevintu/pebble-dev/PebbleSDK-2.2/arm-cs-tools/bin/../lib/gcc/arm-none-eabi/4.7.2/thumb2/crtend.o
 .ARM.attributes
                0x00000000000000f2       0x19 /Users/kevintu/pebble-dev/PebbleSDK-2.2/arm-cs-tools/bin/../lib/gcc/arm-none-eabi/4.7.2/thumb2/crtn.o

.comment        0x0000000000000000       0x4e
 .comment       0x0000000000000000       0x4e /Users/kevintu/pebble-dev/PebbleSDK-2.2/arm-cs-tools/bin/../lib/gcc/arm-none-eabi/4.7.2/thumb2/crtbegin.o
                                         0x4f (size before relaxing)
 .comment       0x0000000000000000       0x4f src/ddr.c.8.o
 .comment       0x0000000000000000       0x4f appinfo.auto.c.8.o
 .comment       0x0000000000000000       0x4f /Users/kevintu/pebble-dev/PebbleSDK-2.2/arm-cs-tools/bin/../lib/gcc/arm-none-eabi/4.7.2/thumb2/crtend.o

.debug_info     0x0000000000000000     0x211d
 .debug_info    0x0000000000000000     0x1df5 src/ddr.c.8.o
 .debug_info    0x0000000000001df5      0x328 appinfo.auto.c.8.o

.debug_abbrev   0x0000000000000000      0x521
 .debug_abbrev  0x0000000000000000      0x476 src/ddr.c.8.o
 .debug_abbrev  0x0000000000000476       0xab appinfo.auto.c.8.o

.debug_loc      0x0000000000000000      0x807
 .debug_loc     0x0000000000000000      0x807 src/ddr.c.8.o

.debug_aranges  0x0000000000000000       0xc8
 .debug_aranges
                0x0000000000000000       0xb0 src/ddr.c.8.o
 .debug_aranges
                0x00000000000000b0       0x18 appinfo.auto.c.8.o

.debug_ranges   0x0000000000000000      0x210
 .debug_ranges  0x0000000000000000      0x210 src/ddr.c.8.o

.debug_line     0x0000000000000000      0x681
 .debug_line    0x0000000000000000      0x565 src/ddr.c.8.o
 .debug_line    0x0000000000000565      0x11c appinfo.auto.c.8.o

.debug_str      0x0000000000000000      0xcd8
 .debug_str     0x0000000000000000      0xb89 src/ddr.c.8.o
                                        0xc9f (size before relaxing)
 .debug_str     0x0000000000000b89      0x14f appinfo.auto.c.8.o
                                        0x2af (size before relaxing)

.debug_frame    0x0000000000000000      0x1d8
 .debug_frame   0x0000000000000000      0x1d8 src/ddr.c.8.o
